Microchip MPLAB XC8 Compiler V2.46

Linker command line:

-W-3 \
  --edf=C:\Program Files\Microchip\xc8\v2.46\pic\dat\20240104201356_en.msgs \
  -cn -h+dist/default/production\CLCD_Code.X.production.sym \
  --cmf=dist/default/production\CLCD_Code.X.production.cmf -z -Q16F877A \
  -oC:\Users\DELL\AppData\Local\Temp\xcAs1a0.\driver_tmp_3.o \
  --defsym=__MPLAB_BUILD=1 --fixupoverflow=error \
  -Mdist/default/production/CLCD_Code.X.production.map \
  --md=C:\Users\DELL\AppData\Local\Temp\xcAs1a0.\driver_tmp_0.dat -E1 \
  -ver=XC8 Compiler --acfsm=1493 -ACODE=00h-07FFhx4 -ASTRCODE=00h-01FFFh \
  -ASTRING=00h-0FFhx32 -ACONST=00h-0FFhx32 -AENTRY=00h-0FFhx32 \
  -ACOMMON=070h-07Fh -ABANK0=020h-06Fh -ABANK1=0A0h-0EFh \
  -ABANK2=0110h-016Fh -ABANK3=0190h-01EFh \
  -ARAM=020h-06Fh,0A0h-0EFh,0110h-016Fh,0190h-01EFh \
  -AABS1=020h-07Fh,0A0h-0EFh,0110h-016Fh,0190h-01EFh -ASFR0=00h-01Fh \
  -ASFR1=080h-09Fh -ASFR2=0100h-010Fh -ASFR3=0180h-018Fh \
  -ACONFIG=02007h-02007h -DCONFIG=2 -AIDLOC=02000h-02003h -DIDLOC=2 \
  -AEEDATA=00h-0FFh/02100h -peeprom_data=EEDATA -DEEDATA=2 -DCODE=2 \
  -DSTRCODE=2 -DSTRING=2 -DCONST=2 -DENTRY=2 \
  -preset_vec=00h,intentry,sivt,init,end_init -ppowerup=CODE -pcinit=CODE \
  -pfunctab=ENTRY -k \
  C:\Users\DELL\AppData\Local\Temp\xcAs1a0.\driver_tmp_12.o \
  dist/default/production\CLCD_Code.X.production.o 

Object code version is 3.11

Machine type is 16F877A



                Name                               Link     Load   Length Selector   Space Scale
C:\Users\DELL\AppData\Local\Temp\xcAs1a0.\driver_tmp_12.o
                end_init                              0        0        3        0       0
                config                             2007     2007        1        0       4
                idloc                              2000     2000        4        0       5
dist/default/production\CLCD_Code.X.production.o
                cinit                               7FC      7FC        4      FF8       0
                config                             2007     2007        1        0       4
                idloc                              2000     2000        4        0       5
                text5                               72B      72B       20      E56       0
                text4                               719      719       12      E32       0
                text3                               74B      74B       29      E96       0
                text2                               7B5      7B5       47      F6A       0
                text1                               70E      70E        B      E1C       0
                maintext                            774      774       41      EE8       0
                cstackCOMMON                         70       70        6       70       1
                strings                               3        3       18        6       0

TOTAL           Name                               Link     Load   Length     Space
        CLASS   CODE           
                end_init                              0        0        3         0
                cinit                               7FC      7FC        4         0
                text5                               72B      72B       20         0
                text4                               719      719       12         0
                text3                               74B      74B       29         0
                text2                               7B5      7B5       47         0
                text1                               70E      70E        B         0
                maintext                            774      774       41         0

        CLASS   STRCODE        

        CLASS   STRING         
                strings                               3        3       18         0

        CLASS   CONST          

        CLASS   ENTRY          

        CLASS   COMMON         
                cstackCOMMON                         70       70        6         1

        CLASS   BANK0          

        CLASS   BANK1          

        CLASS   BANK2          

        CLASS   BANK3          

        CLASS   RAM            

        CLASS   ABS1           
                abs_s1                               7E       7E        2         1

        CLASS   SFR0           

        CLASS   SFR1           

        CLASS   SFR2           

        CLASS   SFR3           

        CLASS   CONFIG         
                config                             2007     2007        1         4

        CLASS   IDLOC          
                idloc                              2000     2000        4         5

        CLASS   EEDATA         

        CLASS   HEAP           

        CLASS   STACK          



SEGMENTS        Name                           Load    Length   Top    Selector   Space  Class     Delta

                reset_vec                      000000  000003  000003         0       0  CODE        2
                strings                        000003  000018  00001B         6       0  STRING      2
                cstackCOMMON                   000070  000006  000076        70       1  COMMON      1
                text1                          00070E  00000B  000719       E1C       0  CODE        2
                text4                          000719  000012  00072B       E32       0  CODE        2
                text5                          00072B  000020  00074B       E56       0  CODE        2
                text3                          00074B  000029  000774       E96       0  CODE        2
                maintext                       000774  000041  0007B5       EE8       0  CODE        2
                text2                          0007B5  000047  0007FC       F6A       0  CODE        2
                cinit                          0007FC  000004  000800       FF8       0  CODE        2


UNUSED ADDRESS RANGES

        Name                Unused          Largest block    Delta
        BANK0            0020-006F             50           1
        BANK1            00A0-00EF             50           1
        BANK2            0110-016F             60           1
        BANK3            0190-01EF             60           1
        CODE             001B-070D            6F3           2
                         0800-1FFF            800
        COMMON           0076-007D              8           1
        CONST            001B-070D            100           2
                         0800-1FFF            100
        EEDATA           2100-21FF            100           2
        ENTRY            001B-070D            100           2
                         0800-1FFF            100
        RAM              0020-006F             50           1
                         00A0-00EF             50
                         0110-016F             60
                         0190-01EF             60
        SFR0             0000-001F             20           1
        SFR1             0080-009F             20           1
        SFR2             0100-010F             10           1
        SFR3             0180-018F             10           1
        STRCODE          001B-070D            6F3           2
                         0800-1FFF           1800
        STRING           001B-070D            100           2
                         0800-1FFF            100

                                  Symbol Table

_PORTD                        (abs)        0008
_RE1                          (abs)        0049
_RE2                          (abs)        004A
_TRISD                        (abs)        0088
_TRISE1                       (abs)        0449
_TRISE2                       (abs)        044A
__H__absolute__               __absolute__ 0000
__Habs1                       abs1         0000
__Hbank0                      bank0        0000
__Hbank1                      bank1        0000
__Hbank2                      bank2        0000
__Hbank3                      bank3        0000
__Hcinit                      cinit        0800
__Hclrtext                    clrtext      0000
__Hcode                       code         0000
__Hcommon                     common       0000
__Hconfig                     config       2008
__HcstackCOMMON               cstackCOMMON 0000
__Heeprom_data                eeprom_data  0000
__Hend_init                   end_init     0003
__Hfunctab                    functab      0000
__Hheap                       heap         0000
__Hidloc                      idloc        2004
__Hinit                       init         0000
__Hintentry                   intentry     0000
__Hmaintext                   maintext     0000
__Hpowerup                    powerup      0000
__Hram                        ram          0000
__Hreset_vec                  reset_vec    0000
__Hsfr0                       sfr0         0000
__Hsfr1                       sfr1         0000
__Hsfr2                       sfr2         0000
__Hsfr3                       sfr3         0000
__Hsivt                       sivt         0000
__Hspace_0                    (abs)        0800
__Hspace_1                    (abs)        0076
__Hspace_2                    (abs)        0000
__Hspace_3                    (abs)        0000
__Hspace_4                    (abs)        400F
__Hstack                      stack        0000
__Hstrings                    strings      0000
__Htext                       text         0000
__L__absolute__               __absolute__ 0000
__Labs1                       abs1         0000
__Lbank0                      bank0        0000
__Lbank1                      bank1        0000
__Lbank2                      bank2        0000
__Lbank3                      bank3        0000
__Lcinit                      cinit        07FC
__Lclrtext                    clrtext      0000
__Lcode                       code         0000
__Lcommon                     common       0000
__Lconfig                     config       0000
__LcstackCOMMON               cstackCOMMON 0000
__Leeprom_data                eeprom_data  0000
__Lend_init                   end_init     0000
__Lfunctab                    functab      0000
__Lheap                       heap         0000
__Lidloc                      idloc        0000
__Linit                       init         0000
__Lintentry                   intentry     0000
__Lmaintext                   maintext     0000
__Lpowerup                    powerup      0000
__Lram                        ram          0000
__Lreset_vec                  reset_vec    0000
__Lsfr0                       sfr0         0000
__Lsfr1                       sfr1         0000
__Lsfr2                       sfr2         0000
__Lsfr3                       sfr3         0000
__Lsivt                       sivt         0000
__Lspace_0                    (abs)        0000
__Lspace_1                    (abs)        0000
__Lspace_2                    (abs)        0000
__Lspace_3                    (abs)        0000
__Lspace_4                    (abs)        0000
__Lstack                      stack        0000
__Lstrings                    strings      0000
__Ltext                       text         0000
__S0                          (abs)        0800
__S1                          (abs)        0076
__S3                          (abs)        0000
___heap_hi                    (abs)        0000
___heap_lo                    (abs)        0000
___int_sp                     stack        0000
___int_stack_hi               stack        0000
___int_stack_lo               stack        0000
___latbits                    (abs)        0002
___sp                         stack        0000
___stack_hi                   stack        0000
___stack_lo                   stack        0000
___stackhi                    (abs)        0000
___stacklo                    (abs)        0000
__end_of__initialization      cinit        07FC
__end_of__stringtab           strings      0009
__end_of_clcd_putch           text4        072B
__end_of_clcd_putstr          text3        0774
__end_of_clcd_write           text5        074B
__end_of_init_clcd_controller text2        07FC
__end_of_init_config          text1        0719
__end_of_main                 maintext     07B5
__initialization              cinit        07FC
__pcstackCOMMON               cstackCOMMON 0070
__pmaintext                   maintext     0774
__pstrings                    strings      0003
__ptext1                      text1        070E
__ptext2                      text2        07B5
__ptext3                      text3        074B
__ptext4                      text4        0719
__ptext5                      text5        072B
__stringbase                  strings      0008
__stringtab                   strings      0003
_clcd_putch                   text4        0719
_clcd_putstr                  text3        074B
_clcd_write                   text5        072B
_init_clcd_controller         text2        07B5
_init_config                  text1        070E
_main                         maintext     0774
btemp                         (abs)        007E
clcd_putch@addr               cstackCOMMON 0074
clcd_putch@ch                 cstackCOMMON 0075
clcd_putstr@addr              cstackCOMMON 0074
clcd_putstr@str               cstackCOMMON 0075
clcd_write@data               cstackCOMMON 0070
clcd_write@mode               cstackCOMMON 0073
end_of_initialization         cinit        07FC
intlevel0                     functab      0000
intlevel1                     functab      0000
intlevel2                     functab      0000
intlevel3                     functab      0000
intlevel4                     functab      0000
intlevel5                     functab      0000
reset_vec                     reset_vec    0000
start                         init         0000
start_initialization          cinit        07FC
wtemp0                        (abs)        007E


MODULE INFORMATION

Module		Function		Class		Link	Load	Size
newmain.c
		_clcd_write    		CODE           	072B	0000	32
		_main          		CODE           	0774	0000	65
		_init_clcd_controller		CODE           	07B5	0000	71
		_clcd_putch    		CODE           	0719	0000	18
		_clcd_putstr   		CODE           	074B	0000	41
		_init_config   		CODE           	070E	0000	11

newmain.c estimated size: 238

shared
		__stringtab    		STRING         	0003	0000	6
		__initialization		CODE           	07FC	0000	1

shared estimated size: 7

